
// ==========================================================================
//  GPPG error listing for yacc source file <SimpleYacc.y - 18.12.2019 13:47:43>
// ==========================================================================
//  Version:  1.5.0
//  Machine:  DESKTOP-LOVCSUB
//  DateTime: 18.12.2019 13:47:49
//  UserName: Максим
// ==========================================================================


%{
// Ýòè îáúÿâëåíèÿ äîáàâëÿþòñÿ â êëàññ GPPGParser, ïðåäñòàâëÿþùèé ñîáîé ïàðñåð, ãåíåðèðóåìûé ñèñòåìîé gppg
    public Parser(AbstractScanner<int, LexLocation> scanner) : base(scanner) { }
%}

%output = SimpleYacc.cs

%namespace SimpleParser

%// Íîâûå òîêåíû ïî çàäàíèþ
//-^^^^^^^^^^^^^^^^^^^^^^^^
// Error: Unknown %keyword in this context
// Error: This character is invalid in this context
// Error: This character is invalid in this context
// Error: This character is invalid in this context
// Error: This character is invalid in this context
// Error: This character is invalid in this context
// Error: This character is invalid in this context
// Error: This character is invalid in this context
// Error: This character is invalid in this context
// Error: This character is invalid in this context
// Error: This character is invalid in this context
// Error: This character is invalid in this context
// Error: This character is invalid in this context
// Error: This character is invalid in this context
// Error: This character is invalid in this context
// Error: This character is invalid in this context
// Error: This character is invalid in this context
// Error: This character is invalid in this context
// Error: This character is invalid in this context
// Error: This character is invalid in this context
// Error: This character is invalid in this context
// Error: This character is invalid in this context
// ------------------------------------------------
%token BEGIN END CYCLE INUM RNUM ID ASSIGN SEMICOLON WHILE DO REPEAT UNTIL FOR TO IF THEN ELSE 
       VAR COMMA WRITE PLUS MINUS MULTIPLICATION DIVISION LEFT_BRACKET RIGHT_BRACKET 

%%

progr   : block
		;

stlist	: statement 
		| stlist SEMICOLON statement 
		;

statement: assign
		| block  
		| cycle  
		| while
        | repeat
  		| for
        | write
        | if
        | idents
		;

ident 	: ID 
		;
	
assign 	: ident ASSIGN expr 
		;

expr	: ident  
		| INUM 
		;

block	: BEGIN stlist END 
		;

cycle	: CYCLE expr statement 
		;
	
while   : WHILE expr DO statement
        ;
       
repeat  : REPEAT stlist UNTIL expr 
		;

for     : FOR assign TO expr DO statement
		;

write   : WRITE LEFT_BRACKET expr RIGHT_BRACKET
		;

if      : IF expr THEN statement
		| IF expr THEN statement ELSE statement
		;

idents  : VAR ident 
		| idents COMMA ident 
		;

expr    : T
        | expr PLUS T
        | expr MINUS T
        ;

T       : F
        | T MULTIPLICATION F
        | T DIVISION F
        ;

F       : ident
        | INUM 
        | LEFT_BRACKET expr RIGHT_BRACKET
        ;			
%%
// ==========================================================================

